// Jest Snapshot v1, https://goo.gl/fbAQLP

exports[`Loading component should render Loading component 1`] = `
<div>
  <WithStyles(ForwardRef(LinearProgress)) />
</div>
`;
